// Jest Snapshot v1, https://goo.gl/fbAQLP

exports[`<App /> renders correctly 1`] = `
<View
  style={
    Object {
      "alignItems": "center",
      "backgroundColor": "#fff",
      "flex": 1,
      "justifyContent": "center",
    }
  }
>
  <Text
    style={
      Object {
        "color": "#888",
        "fontSize": 18,
      }
    }
  >
    To upload a photo, press the button below!
  </Text>
  <View
    accessible={true}
    collapsable={false}
    focusable={true}
    onClick={[Function]}
    onResponderGrant={[Function]}
    onResponderMove={[Function]}
    onResponderRelease={[Function]}
    onResponderTerminate={[Function]}
    onResponderTerminationRequest={[Function]}
    onStartShouldSetResponder={[Function]}
    style={
      Object {
        "backgroundColor": "blue",
        "borderRadius": 5,
        "opacity": 1,
        "padding": 20,
      }
    }
  >
    <Text
      style={
        Object {
          "color": "#fff",
          "fontSize": 20,
        }
      }
    >
      Pick a photo
    </Text>
  </View>
</View>
`;
